
> datannur@0.14.0 test:ui
> npm run build && vitest run test/ui.test.ts


> datannur@0.14.0 build
> vite build

vite v7.1.11 building for production...
transforming...
✓ 444 modules transformed.
rendering chunks...
computing gzip size...
app/index.html                            0.75 kB │ gzip:   0.42 kB
app/assets/fa-solid-900-8GirhLYJ.woff2  113.15 kB
app/assets/index-DNNkpJlL.css           284.55 kB │ gzip:  44.75 kB
app/assets/index-B7qLeD3u.js            819.87 kB │ gzip: 273.33 kB
✓ built in 3.70s

 RUN  v3.2.4 /Users/bassim/code/datannur/datannur_dev

